// Jest Snapshot v1, https://goo.gl/fbAQLP

exports[`Container should render 1`] = `
<View
  style={
    Array [
      Object {
        "flex": 1,
      },
      undefined,
      undefined,
    ]
  }
>
  <Text
    accessible={true}
    allowFontScaling={true}
    ellipsizeMode="tail"
  >
     Hello world 
  </Text>
</View>
`;
