// Jest Snapshot v1, https://goo.gl/fbAQLP

exports[`Branding should render 1`] = `
<View
  style={
    Array [
      Object {
        "flex": 1,
      },
      undefined,
      Object {
        "alignItems": "center",
        "justifyContent": "center",
      },
    ]
  }
>
  <Text
    accessible={true}
    allowFontScaling={true}
    ellipsizeMode="tail"
    style={
      Array [
        Object {
          "fontSize": 64,
        },
        undefined,
      ]
    }
  >
    <Text
      accessible={true}
      allowFontScaling={true}
      description="Title for the App"
      ellipsizeMode="tail"
      style={
        Object {
          "color": "#FFFFFF",
          "elevation": 1,
          "fontFamily": "NunitoSans-Bold",
        }
      }
    >
      harbor
    </Text>
  </Text>
  <Text
    accessible={true}
    allowFontScaling={true}
    description="Sub title for the App"
    ellipsizeMode="tail"
    style={
      Object {
        "color": "#FFFFFF",
        "fontFamily": "NunitoSans-Regular",
        "fontSize": 14,
      }
    }
  >
    Painless release cycles for Mobile apps
  </Text>
</View>
`;
