// Jest Snapshot v1, https://goo.gl/fbAQLP

exports[`LoginPage should render 1`] = `
<BVLinearGradient
  colors={
    Array [
      4278243839,
      4278218239,
    ]
  }
  endPoint={undefined}
  locations={null}
  startPoint={undefined}
  style={
    Object {
      "flex": 1,
    }
  }
>
  <View
    style={
      Object {
        "flex": 2,
      }
    }
  >
    <View
      style={
        Object {
          "alignItems": "center",
          "flex": 1,
          "justifyContent": "center",
        }
      }
    >
      <Text
        accessible={true}
        allowFontScaling={true}
        ellipsizeMode="tail"
        style={
          Array [
            Object {
              "fontSize": 64,
            },
            undefined,
          ]
        }
      >
        <Text
          accessible={true}
          allowFontScaling={true}
          description="Title for the App"
          ellipsizeMode="tail"
          style={
            Object {
              "color": "#FFFFFF",
              "elevation": 1,
              "fontFamily": "NunitoSans-ExtraBold",
            }
          }
        >
          harbor
        </Text>
      </Text>
      <Text
        accessible={true}
        allowFontScaling={true}
        description="Sub title for the App"
        ellipsizeMode="tail"
        style={
          Object {
            "color": "#FFFFFF",
            "fontFamily": "NunitoSans-Regular",
            "fontSize": 14,
          }
        }
      >
        Painless release cycles for Mobile apps
      </Text>
    </View>
  </View>
  <View
    style={
      Object {
        "flex": 3,
      }
    }
  />
</BVLinearGradient>
`;
